// Jest Snapshot v1, https://goo.gl/fbAQLP

exports[` 1`] = `
"export namespace $$Input {
  export namespace Query {
    export interface argsObjectArr2D {
      a: String;
      b?: (Float | null | void);
    }
    export interface argsObjectArrMM {
      a: String;
      b?: (Float | null | void);
    }
    export interface argsObjectArrMN {
      a: String;
      b?: (Float | null | void);
    }
    export interface argsObjectArrNM {
      a: String;
      b?: (Float | null | void);
    }
    export interface argsObjectArrNN {
      a: String;
      b?: (Float | null | void);
    }
    export interface argsObjectMand {
      a: String;
      b?: (Float | null | void);
    }
    export interface argsObjectNull {
      a: String;
      b?: (Float | null | void);
    }
    export interface argsScalarArr2D {
      a: String;
      b?: (Float | null | void);
    }
    export interface argsScalarArrMM {
      a: String;
      b?: (Float | null | void);
    }
    export interface argsScalarArrMN {
      a: String;
      b?: (Float | null | void);
    }
    export interface argsScalarArrNM {
      a: String;
      b?: (Float | null | void);
    }
    export interface argsScalarArrNN {
      a: String;
      b?: (Float | null | void);
    }
    export interface argsScalarMand {
      a: String;
      b?: (Float | null | void);
    }
    export interface argsScalarNull {
      a: String;
      b?: (Float | null | void);
    }
    export interface noArgsObjectArr2D {}
    export interface noArgsObjectArrMM {}
    export interface noArgsObjectArrMN {}
    export interface noArgsObjectArrNM {}
    export interface noArgsObjectArrNN {}
    export interface noArgsObjectMand {}
    export interface noArgsObjectNull {}
    export interface noArgsScalarArr2D {}
    export interface noArgsScalarArrMM {}
    export interface noArgsScalarArrMN {}
    export interface noArgsScalarArrNM {}
    export interface noArgsScalarArrNN {}
    export interface noArgsScalarMand {}
    export interface noArgsScalarNull {}
  }
  export namespace Mutation {
    export interface argsObjectArr2D {
      a: String;
      b?: (Float | null | void);
    }
    export interface argsObjectArrMM {
      a: String;
      b?: (Float | null | void);
    }
    export interface argsObjectArrMN {
      a: String;
      b?: (Float | null | void);
    }
    export interface argsObjectArrNM {
      a: String;
      b?: (Float | null | void);
    }
    export interface argsObjectArrNN {
      a: String;
      b?: (Float | null | void);
    }
    export interface argsObjectMand {
      a: String;
      b?: (Float | null | void);
    }
    export interface argsObjectNull {
      a: String;
      b?: (Float | null | void);
    }
    export interface argsScalarArr2D {
      a: Boolean;
      b?: (Int | null | void);
    }
    export interface argsScalarArrMM {
      a: Boolean;
      b?: (Int | null | void);
    }
    export interface argsScalarArrMN {
      a: Boolean;
      b?: (Int | null | void);
    }
    export interface argsScalarArrNM {
      a: Boolean;
      b?: (Int | null | void);
    }
    export interface argsScalarArrNN {
      a: Boolean;
      b?: (Int | null | void);
    }
    export interface argsScalarMand {
      a: Boolean;
      b?: (Int | null | void);
    }
    export interface argsScalarNull {
      a: Boolean;
      b?: (Int | null | void);
    }
    export interface noArgsObjectArr2D {}
    export interface noArgsObjectArrMM {}
    export interface noArgsObjectArrMN {}
    export interface noArgsObjectArrNM {}
    export interface noArgsObjectArrNN {}
    export interface noArgsObjectMand {}
    export interface noArgsObjectNull {}
    export interface noArgsScalarArr2D {}
    export interface noArgsScalarArrMM {}
    export interface noArgsScalarArrMN {}
    export interface noArgsScalarArrNM {}
    export interface noArgsScalarArrNN {}
    export interface noArgsScalarMand {}
    export interface noArgsScalarNull {}
  }

  export type $<T> =
    | (T extends typeof Query$argsObjectArr2D ? Query.argsObjectArr2D : never)
    | (T extends typeof Query$argsObjectArrMM ? Query.argsObjectArrMM : never)
    | (T extends typeof Query$argsObjectArrMN ? Query.argsObjectArrMN : never)
    | (T extends typeof Query$argsObjectArrNM ? Query.argsObjectArrNM : never)
    | (T extends typeof Query$argsObjectArrNN ? Query.argsObjectArrNN : never)
    | (T extends typeof Query$argsObjectMand ? Query.argsObjectMand : never)
    | (T extends typeof Query$argsObjectNull ? Query.argsObjectNull : never)
    | (T extends typeof Query$argsScalarArr2D ? Query.argsScalarArr2D : never)
    | (T extends typeof Query$argsScalarArrMM ? Query.argsScalarArrMM : never)
    | (T extends typeof Query$argsScalarArrMN ? Query.argsScalarArrMN : never)
    | (T extends typeof Query$argsScalarArrNM ? Query.argsScalarArrNM : never)
    | (T extends typeof Query$argsScalarArrNN ? Query.argsScalarArrNN : never)
    | (T extends typeof Query$argsScalarMand ? Query.argsScalarMand : never)
    | (T extends typeof Query$argsScalarNull ? Query.argsScalarNull : never)
    | (T extends typeof Query$noArgsObjectArr2D ? Query.noArgsObjectArr2D : never)
    | (T extends typeof Query$noArgsObjectArrMM ? Query.noArgsObjectArrMM : never)
    | (T extends typeof Query$noArgsObjectArrMN ? Query.noArgsObjectArrMN : never)
    | (T extends typeof Query$noArgsObjectArrNM ? Query.noArgsObjectArrNM : never)
    | (T extends typeof Query$noArgsObjectArrNN ? Query.noArgsObjectArrNN : never)
    | (T extends typeof Query$noArgsObjectMand ? Query.noArgsObjectMand : never)
    | (T extends typeof Query$noArgsObjectNull ? Query.noArgsObjectNull : never)
    | (T extends typeof Query$noArgsScalarArr2D ? Query.noArgsScalarArr2D : never)
    | (T extends typeof Query$noArgsScalarArrMM ? Query.noArgsScalarArrMM : never)
    | (T extends typeof Query$noArgsScalarArrMN ? Query.noArgsScalarArrMN : never)
    | (T extends typeof Query$noArgsScalarArrNM ? Query.noArgsScalarArrNM : never)
    | (T extends typeof Query$noArgsScalarArrNN ? Query.noArgsScalarArrNN : never)
    | (T extends typeof Query$noArgsScalarMand ? Query.noArgsScalarMand : never)
    | (T extends typeof Query$noArgsScalarNull ? Query.noArgsScalarNull : never)
    | (T extends typeof Mutation$argsObjectArr2D ? Mutation.argsObjectArr2D : never)
    | (T extends typeof Mutation$argsObjectArrMM ? Mutation.argsObjectArrMM : never)
    | (T extends typeof Mutation$argsObjectArrMN ? Mutation.argsObjectArrMN : never)
    | (T extends typeof Mutation$argsObjectArrNM ? Mutation.argsObjectArrNM : never)
    | (T extends typeof Mutation$argsObjectArrNN ? Mutation.argsObjectArrNN : never)
    | (T extends typeof Mutation$argsObjectMand ? Mutation.argsObjectMand : never)
    | (T extends typeof Mutation$argsObjectNull ? Mutation.argsObjectNull : never)
    | (T extends typeof Mutation$argsScalarArr2D ? Mutation.argsScalarArr2D : never)
    | (T extends typeof Mutation$argsScalarArrMM ? Mutation.argsScalarArrMM : never)
    | (T extends typeof Mutation$argsScalarArrMN ? Mutation.argsScalarArrMN : never)
    | (T extends typeof Mutation$argsScalarArrNM ? Mutation.argsScalarArrNM : never)
    | (T extends typeof Mutation$argsScalarArrNN ? Mutation.argsScalarArrNN : never)
    | (T extends typeof Mutation$argsScalarMand ? Mutation.argsScalarMand : never)
    | (T extends typeof Mutation$argsScalarNull ? Mutation.argsScalarNull : never)
    | (T extends typeof Mutation$noArgsObjectArr2D ? Mutation.noArgsObjectArr2D : never)
    | (T extends typeof Mutation$noArgsObjectArrMM ? Mutation.noArgsObjectArrMM : never)
    | (T extends typeof Mutation$noArgsObjectArrMN ? Mutation.noArgsObjectArrMN : never)
    | (T extends typeof Mutation$noArgsObjectArrNM ? Mutation.noArgsObjectArrNM : never)
    | (T extends typeof Mutation$noArgsObjectArrNN ? Mutation.noArgsObjectArrNN : never)
    | (T extends typeof Mutation$noArgsObjectMand ? Mutation.noArgsObjectMand : never)
    | (T extends typeof Mutation$noArgsObjectNull ? Mutation.noArgsObjectNull : never)
    | (T extends typeof Mutation$noArgsScalarArr2D ? Mutation.noArgsScalarArr2D : never)
    | (T extends typeof Mutation$noArgsScalarArrMM ? Mutation.noArgsScalarArrMM : never)
    | (T extends typeof Mutation$noArgsScalarArrMN ? Mutation.noArgsScalarArrMN : never)
    | (T extends typeof Mutation$noArgsScalarArrNM ? Mutation.noArgsScalarArrNM : never)
    | (T extends typeof Mutation$noArgsScalarArrNN ? Mutation.noArgsScalarArrNN : never)
    | (T extends typeof Mutation$noArgsScalarMand ? Mutation.noArgsScalarMand : never)
    | (T extends typeof Mutation$noArgsScalarNull ? Mutation.noArgsScalarNull : never)
}"
`;
